127.0.0.1 - - [13/Aug/2019:14:37:10 +0900] "GET / HTTP/1.1" 404 1074
192.168.0.61 - - [13/Aug/2019:14:37:19 +0900] "POST /hongdangmu/users/write.do HTTP/1.1" 404 1107
192.168.0.61 - - [13/Aug/2019:14:37:21 +0900] "POST /hongdangmu/users/write.do HTTP/1.1" 404 1107
192.168.0.61 - - [13/Aug/2019:14:37:53 +0900] "POST /hongdangmu/users/getTotalMember.do HTTP/1.1" 404 1116
0:0:0:0:0:0:0:1 - - [13/Aug/2019:14:38:19 +0900] "POST /hongdangmu/main.jsp HTTP/1.1" 404 1097
0:0:0:0:0:0:0:1 - - [13/Aug/2019:14:38:32 +0900] "POST /hongdangmu/users/selectOne.do HTTP/1.1" 404 1111
0:0:0:0:0:0:0:1 - - [13/Aug/2019:14:39:20 +0900] "POST /hongdangmu/users/selectOne.do HTTP/1.1" 404 1111
0:0:0:0:0:0:0:1 - - [13/Aug/2019:14:39:39 +0900] "POST /hongdangmu/main.jsp HTTP/1.1" 404 1097
127.0.0.1 - - [13/Aug/2019:14:40:17 +0900] "GET / HTTP/1.1" 404 1074
0:0:0:0:0:0:0:1 - - [13/Aug/2019:14:40:35 +0900] "POST /hongdangmu/users/selectOne.do HTTP/1.1" 404 1111
192.168.0.61 - - [13/Aug/2019:14:40:58 +0900] "POST /hongdangmu/users/modify.do HTTP/1.1" 404 1108
192.168.0.61 - - [13/Aug/2019:14:41:18 +0900] "GET /hongdangmu/users/modify.do HTTP/1.1" 404 1108
192.168.0.61 - - [13/Aug/2019:14:41:18 +0900] "GET /favicon.ico HTTP/1.1" 404 1085
192.168.0.61 - - [13/Aug/2019:14:41:45 +0900] "GET /hongdangmu/users/selectOne.do HTTP/1.1" 404 1111
0:0:0:0:0:0:0:1 - - [13/Aug/2019:14:41:53 +0900] "GET /hongdangmu/users/selectOne.do HTTP/1.1" 404 1111
0:0:0:0:0:0:0:1 - - [13/Aug/2019:14:41:53 +0900] "GET /favicon.ico HTTP/1.1" 404 1085
127.0.0.1 - - [13/Aug/2019:14:42:32 +0900] "GET / HTTP/1.1" 404 1074
192.168.0.61 - - [13/Aug/2019:14:42:39 +0900] "POST /hongdangmu/users/modify.do HTTP/1.1" 404 1108
127.0.0.1 - - [13/Aug/2019:14:44:28 +0900] "GET / HTTP/1.1" 404 1074
192.168.0.61 - - [13/Aug/2019:14:44:38 +0900] "POST /hongdangmu/users/modify.do HTTP/1.1" 404 1108
192.168.0.61 - - [13/Aug/2019:14:44:39 +0900] "POST /hongdangmu/users/modify.do HTTP/1.1" 404 1108
192.168.0.61 - - [13/Aug/2019:14:44:52 +0900] "POST /hongdangmu/users/write.do HTTP/1.1" 404 1107
0:0:0:0:0:0:0:1 - - [13/Aug/2019:14:45:08 +0900] "GET /hongdangmu/main.jsp HTTP/1.1" 404 1097
0:0:0:0:0:0:0:1 - - [13/Aug/2019:14:45:14 +0900] "GET /hongdangmu/main.jsp HTTP/1.1" 404 1097
127.0.0.1 - - [13/Aug/2019:14:45:23 +0900] "GET / HTTP/1.1" 404 1074
192.168.0.61 - - [13/Aug/2019:14:45:33 +0900] "GET /hongdangmu/users/selectOne.do HTTP/1.1" 404 1111
0:0:0:0:0:0:0:1 - - [13/Aug/2019:14:45:39 +0900] "GET /hongdangmu/main.jsp HTTP/1.1" 404 1097
0:0:0:0:0:0:0:1 - - [13/Aug/2019:14:45:41 +0900] "GET /hongdangmu/main.jsp HTTP/1.1" 404 1097
127.0.0.1 - - [13/Aug/2019:14:45:55 +0900] "GET / HTTP/1.1" 404 1074
0:0:0:0:0:0:0:1 - - [13/Aug/2019:14:45:56 +0900] "GET /hongdangmu/main.jsp HTTP/1.1" 200 25006
0:0:0:0:0:0:0:1 - - [13/Aug/2019:14:45:56 +0900] "GET /images/icons/shortcut_icon.png HTTP/1.1" 404 1112
192.168.0.61 - - [13/Aug/2019:14:46:05 +0900] "POST /hongdangmu/users/write.do HTTP/1.1" 200 395
0:0:0:0:0:0:0:1 - - [13/Aug/2019:14:46:10 +0900] "POST /hongdangmu/users/selectOne.do HTTP/1.1" 404 1047
127.0.0.1 - - [13/Aug/2019:14:46:55 +0900] "GET / HTTP/1.1" 404 1074
0:0:0:0:0:0:0:1 - - [13/Aug/2019:14:47:06 +0900] "POST /hongdangmu/users/selectOne.do HTTP/1.1" 500 17680
127.0.0.1 - - [13/Aug/2019:14:48:28 +0900] "GET / HTTP/1.1" 404 1074
0:0:0:0:0:0:0:1 - - [13/Aug/2019:14:48:34 +0900] "POST /hongdangmu/users/selectOne.do HTTP/1.1" 500 17680
127.0.0.1 - - [13/Aug/2019:14:49:01 +0900] "GET / HTTP/1.1" 404 1074
0:0:0:0:0:0:0:1 - - [13/Aug/2019:14:49:06 +0900] "POST /hongdangmu/users/selectOne.do HTTP/1.1" 500 17680
0:0:0:0:0:0:0:1 - - [13/Aug/2019:14:51:44 +0900] "POST /hongdangmu/users/selectOne.do HTTP/1.1" 500 17680
0:0:0:0:0:0:0:1 - - [13/Aug/2019:14:56:14 +0900] "POST /hongdangmu/users/selectOne.do HTTP/1.1" 500 17680
0:0:0:0:0:0:0:1 - - [13/Aug/2019:14:56:34 +0900] "POST /hongdangmu/users/selectOne.do HTTP/1.1" 500 17680
127.0.0.1 - - [13/Aug/2019:14:58:17 +0900] "GET / HTTP/1.1" 404 1074
0:0:0:0:0:0:0:1 - - [13/Aug/2019:14:58:24 +0900] "POST /hongdangmu/users/selectOne.do HTTP/1.1" 200 164
0:0:0:0:0:0:0:1 - - [13/Aug/2019:15:01:35 +0900] "POST /hongdangmu/users/selectOne.do HTTP/1.1" 404 1047
127.0.0.1 - - [13/Aug/2019:15:01:53 +0900] "GET / HTTP/1.1" 404 1074
0:0:0:0:0:0:0:1 - - [13/Aug/2019:15:01:57 +0900] "POST /hongdangmu/users/selectOne.do HTTP/1.1" 404 1047
0:0:0:0:0:0:0:1 - - [13/Aug/2019:15:02:00 +0900] "POST /hongdangmu/users/selectOne.do HTTP/1.1" 404 1047
127.0.0.1 - - [13/Aug/2019:15:02:19 +0900] "GET / HTTP/1.1" 404 1074
0:0:0:0:0:0:0:1 - - [13/Aug/2019:15:02:26 +0900] "POST /hongdangmu/users/selectOne.do HTTP/1.1" 200 438
127.0.0.1 - - [13/Aug/2019:15:34:51 +0900] "GET / HTTP/1.1" 404 1074
0:0:0:0:0:0:0:1 - - [13/Aug/2019:15:34:51 +0900] "GET /hongdangmu/WEB-INF/classes/users/controller/UsersController.java HTTP/1.1" 404 1047
192.168.0.61 - - [13/Aug/2019:15:35:07 +0900] "POST /hongdangmu/users/write.do HTTP/1.1" 200 395
192.168.0.61 - - [13/Aug/2019:15:36:11 +0900] "POST /hongdangmu/users/modify.do HTTP/1.1" 500 3971
127.0.0.1 - - [13/Aug/2019:15:40:03 +0900] "GET / HTTP/1.1" 404 1074
192.168.0.61 - - [13/Aug/2019:15:40:13 +0900] "POST /hongdangmu/users/modify.do HTTP/1.1" 200 141
192.168.0.61 - - [13/Aug/2019:15:41:24 +0900] "POST /hongdangmu/users/write.do HTTP/1.1" 200 395
192.168.0.61 - - [13/Aug/2019:15:50:39 +0900] "POST /hongdangmu/users/modify.do HTTP/1.1" 200 141
127.0.0.1 - - [13/Aug/2019:15:52:58 +0900] "GET / HTTP/1.1" 404 1074
192.168.0.61 - - [13/Aug/2019:15:53:10 +0900] "POST /hongdangmu/users/modify.do HTTP/1.1" 200 141
127.0.0.1 - - [13/Aug/2019:15:57:26 +0900] "GET / HTTP/1.1" 404 1074
192.168.0.61 - - [13/Aug/2019:15:57:32 +0900] "POST /hongdangmu/users/modify.do HTTP/1.1" 200 141
127.0.0.1 - - [13/Aug/2019:15:59:13 +0900] "GET / HTTP/1.1" 404 1074
192.168.0.61 - - [13/Aug/2019:15:59:18 +0900] "POST /hongdangmu/users/modify.do HTTP/1.1" 200 141
127.0.0.1 - - [13/Aug/2019:15:59:50 +0900] "GET / HTTP/1.1" 404 1074
192.168.0.61 - - [13/Aug/2019:15:59:54 +0900] "POST /hongdangmu/users/modify.do HTTP/1.1" 200 141
127.0.0.1 - - [13/Aug/2019:16:02:10 +0900] "GET / HTTP/1.1" 404 1074
192.168.0.61 - - [13/Aug/2019:16:02:30 +0900] "POST /hongdangmu/users/modify.do HTTP/1.1" 200 141
127.0.0.1 - - [13/Aug/2019:16:04:22 +0900] "GET / HTTP/1.1" 404 1074
192.168.0.61 - - [13/Aug/2019:16:04:27 +0900] "POST /hongdangmu/users/modify.do HTTP/1.1" 200 141
127.0.0.1 - - [13/Aug/2019:16:07:07 +0900] "GET / HTTP/1.1" 404 1074
192.168.0.61 - - [13/Aug/2019:16:07:47 +0900] "POST /hongdangmu/users/modify.do HTTP/1.1" 200 141
127.0.0.1 - - [13/Aug/2019:16:12:12 +0900] "GET / HTTP/1.1" 404 1074
192.168.0.61 - - [13/Aug/2019:16:12:17 +0900] "POST /hongdangmu/users/modify.do HTTP/1.1" 200 141
192.168.0.61 - - [13/Aug/2019:16:12:44 +0900] "POST /hongdangmu/users/modify.do HTTP/1.1" 200 141
192.168.0.61 - - [13/Aug/2019:16:14:32 +0900] "POST /hongdangmu/users/modify.do HTTP/1.1" 200 139
127.0.0.1 - - [13/Aug/2019:16:18:55 +0900] "GET / HTTP/1.1" 404 1074
192.168.0.61 - - [13/Aug/2019:16:22:27 +0900] "POST /hongdangmu/users/modify.do HTTP/1.1" 200 139
192.168.0.61 - - [13/Aug/2019:16:22:27 +0900] "POST /hongdangmu/users/modify.do HTTP/1.1" 200 139
192.168.0.61 - - [13/Aug/2019:16:22:27 +0900] "POST /hongdangmu/users/modify.do HTTP/1.1" 500 2242
127.0.0.1 - - [13/Aug/2019:16:23:32 +0900] "GET / HTTP/1.1" 404 1074
192.168.0.61 - - [13/Aug/2019:16:23:40 +0900] "POST /hongdangmu/users/modify.do HTTP/1.1" 200 139
192.168.0.61 - - [13/Aug/2019:16:27:40 +0900] "POST /hongdangmu/users/modify.do HTTP/1.1" 200 139
192.168.0.61 - - [13/Aug/2019:16:29:11 +0900] "POST /hongdangmu/users/getTotalMember.do HTTP/1.1" 200 160
192.168.0.61 - - [13/Aug/2019:16:29:16 +0900] "POST /hongdangmu/users/isExistId.do HTTP/1.1" 200 166
0:0:0:0:0:0:0:1 - - [13/Aug/2019:16:29:28 +0900] "POST /hongdangmu/users/selectOne.do HTTP/1.1" 200 444
127.0.0.1 - - [13/Aug/2019:16:49:20 +0900] "GET / HTTP/1.1" 404 1074
0:0:0:0:0:0:0:1 - - [13/Aug/2019:16:49:32 +0900] "POST /hongdangmu/users/selectOne.do HTTP/1.1" 200 444
0:0:0:0:0:0:0:1 - - [13/Aug/2019:16:49:56 +0900] "POST /hongdangmu/users/list.do HTTP/1.1" 500 17791
127.0.0.1 - - [13/Aug/2019:16:52:49 +0900] "GET / HTTP/1.1" 404 1074
0:0:0:0:0:0:0:1 - - [13/Aug/2019:16:52:58 +0900] "POST /hongdangmu/users/list.do HTTP/1.1" 500 17791
127.0.0.1 - - [13/Aug/2019:16:54:32 +0900] "GET / HTTP/1.1" 404 1074
0:0:0:0:0:0:0:1 - - [13/Aug/2019:16:54:39 +0900] "POST /hongdangmu/users/list.do HTTP/1.1" 200 766
127.0.0.1 - - [13/Aug/2019:17:31:15 +0900] "GET / HTTP/1.1" 404 1074
0:0:0:0:0:0:0:1 - - [13/Aug/2019:17:31:33 +0900] "POST /hongdangmu/users/selectList.do HTTP/1.1" 500 3804
127.0.0.1 - - [13/Aug/2019:17:33:10 +0900] "GET / HTTP/1.1" 404 1074
0:0:0:0:0:0:0:1 - - [13/Aug/2019:17:33:11 +0900] "POST /hongdangmu/users/selectList.do HTTP/1.1" 200 766
